::error file=semgrep/tests/e2e/targets/basic/stupid.py,line=3,endLine=3,title=semgrep rule:semgrep.tests.e2e.rules.eqeq-is-bad::useless comparison operation `$X == $X` or `$X != $X`; possible bug?
