Paths that match both --include and --exclude will be skipped by Semgrep.
Metrics turned off. No information will be sent about this run
Loading local config from rules/eqeq.yaml ...
[80D[1A[KLoading local config from rules/eqeq.yaml ..................................done
including files:
- included
excluding files:
- excluded.*
Running 4 rules...
ran 4 rules on 1 files: 1 findings
