Metrics turned off. No information will be sent about this run
Loading local config from rules/eqeq.yaml...
[80D[1A[KLoading local config from rules/eqeq.yaml...................................done
excluding files:
- excluded
Running 4 rules...
ran 4 rules on 2 files: 2 findings
