Metrics turned off. No information will be sent about this run
Loading local config from rules/eqeq.yaml...
[80D[1A[KLoading local config from rules/eqeq.yaml...................................done
including files:
- excluded.*
- included.*
Running 4 rules...
ran 4 rules on 4 files: 4 findings
